
===========================================================================
 report_power
============================================================================
======================= Fastest Corner ===================================

Group                  Internal  Switching    Leakage      Total
                          Power      Power      Power      Power (Watts)
----------------------------------------------------------------
Sequential             1.39e-03   1.71e-04   8.18e-07   1.56e-03  44.4%
Combinational          9.05e-04   1.05e-03   1.88e-08   1.96e-03  55.6%
Macro                  0.00e+00   0.00e+00   0.00e+00   0.00e+00   0.0%
Pad                    0.00e+00   0.00e+00   0.00e+00   0.00e+00   0.0%
----------------------------------------------------------------
Total                  2.30e-03   1.22e-03   8.37e-07   3.52e-03 100.0%
                          65.3%      34.7%       0.0%

======================= Slowest Corner ===================================

Group                  Internal  Switching    Leakage      Total
                          Power      Power      Power      Power (Watts)
----------------------------------------------------------------
Sequential             9.20e-04   1.14e-04   8.75e-06   1.04e-03  43.6%
Combinational          6.50e-04   6.93e-04   6.81e-06   1.35e-03  56.4%
Macro                  0.00e+00   0.00e+00   0.00e+00   0.00e+00   0.0%
Pad                    0.00e+00   0.00e+00   0.00e+00   0.00e+00   0.0%
----------------------------------------------------------------
Total                  1.57e-03   8.07e-04   1.56e-05   2.39e-03 100.0%
                          65.6%      33.7%       0.7%

======================= Typical Corner ===================================

Group                  Internal  Switching    Leakage      Total
                          Power      Power      Power      Power (Watts)
----------------------------------------------------------------
Sequential             1.20e-03   1.45e-04   8.12e-07   1.35e-03  44.4%
Combinational          8.00e-04   8.85e-04   8.91e-09   1.69e-03  55.6%
Macro                  0.00e+00   0.00e+00   0.00e+00   0.00e+00   0.0%
Pad                    0.00e+00   0.00e+00   0.00e+00   0.00e+00   0.0%
----------------------------------------------------------------
Total                  2.00e-03   1.03e-03   8.21e-07   3.03e-03 100.0%
                          66.0%      34.0%       0.0%

